<?xml version="1.0" encoding="UTF-8"?>
<testsuites name="jest tests" tests="1" failures="0" time="1.513">
  <testsuite name="undefined" errors="0" failures="0" skipped="0" timestamp="2019-11-07T16:00:27" time="0.749" tests="1">
    <testcase classname=" renders without crashing" name=" renders without crashing" time="0.016">
    </testcase>
  </testsuite>
</testsuites>